// Jest Snapshot v1, https://goo.gl/fbAQLP

exports[`GameBoard should match snapshot 1`] = `ShallowWrapper {}`;
